// Jest Snapshot v1, https://goo.gl/fbAQLP

exports[`ForecastComponent renders correctly as loading 1`] = `
<View>
  <ActivityIndicator
    animating={true}
    color="#ff8906"
    hidesWhenStopped={true}
    size="large"
  />
</View>
`;

exports[`ForecastComponent renders correctly when making requests for weather 1`] = `
<View
  style={
    Object {
      "alignContent": "flex-end",
      "flex": 1,
      "justifyContent": "center",
    }
  }
>
  <ForecastIcon
    icon="partly-cloudy-day"
  />
  <ForecastText
    forecast={
      Object {
        "apparentTemperature": 38.14,
        "cloudCover": 0.69,
        "dewPoint": 37.12,
        "humidity": 0.88,
        "icon": "partly-cloudy-day",
        "nearestStormBearing": 178,
        "nearestStormDistance": 5,
        "ozone": 385.9,
        "precipIntensity": 0,
        "precipProbability": 0,
        "pressure": 1009.6,
        "summary": "Mostly Cloudy",
        "temperature": 40.47,
        "time": 1577038353,
        "uvIndex": 0,
        "visibility": 10,
        "windBearing": 352,
        "windGust": 5.98,
        "windSpeed": 3.61,
      }
    }
  />
</View>
`;
