// Jest Snapshot v1, https://goo.gl/fbAQLP

exports[`renders correctly 1`] = `
<Image
  source={1}
  style={
    Object {
      "height": 200,
      "marginLeft": -10,
      "marginTop": 3,
      "resizeMode": "contain",
      "width": 200,
    }
  }
/>
`;
